#
# There is insufficient memory for the Java Runtime Environment to continue.
# Native memory allocation (malloc) failed to allocate 1141904 bytes. Error detail: Chunk::new
# Possible reasons:
#   The system is out of physical RAM or swap space
#   This process is running with CompressedOops enabled, and the Java Heap may be blocking the growth of the native heap
# Possible solutions:
#   Reduce memory load on the system
#   Increase physical memory or swap space
#   Check if swap backing store is full
#   Decrease Java heap size (-Xmx/-Xms)
#   Decrease number of Java threads
#   Decrease Java thread stack sizes (-Xss)
#   Set larger code cache with -XX:ReservedCodeCacheSize=
#   JVM is running with Unscaled Compressed Oops mode in which the Java heap is
#     placed in the first 4GB address space. The Java Heap base address is the
#     maximum limit for the native heap growth. Please use -XX:HeapBaseMinAddress
#     to set the Java Heap base and to place the Java Heap above 4GB virtual address.
# This output file may be truncated or incomplete.
#
#  Out of Memory Error (arena.cpp:168), pid=21240, tid=22068
#
# JRE version: OpenJDK Runtime Environment (21.0.9) (build 21.0.9+-14649483-b1163.86)
# Java VM: OpenJDK 64-Bit Server VM (21.0.9+-14649483-b1163.86, mixed mode, tiered, compressed oops, compressed class ptrs, g1 gc, windows-amd64)
# No core dump will be written. Minidumps are not enabled by default on client versions of Windows
#

---------------  S U M M A R Y ------------

Command Line: --add-opens=java.base/java.lang=ALL-UNNAMED --add-opens=java.base/java.lang.invoke=ALL-UNNAMED --add-opens=java.base/java.util=ALL-UNNAMED --add-opens=java.prefs/java.util.prefs=ALL-UNNAMED --add-exports=jdk.compiler/com.sun.tools.javac.api=ALL-UNNAMED --add-exports=jdk.compiler/com.sun.tools.javac.util=ALL-UNNAMED --add-opens=java.base/java.util=ALL-UNNAMED --add-opens=java.prefs/java.util.prefs=ALL-UNNAMED --add-opens=java.base/java.nio.charset=ALL-UNNAMED --add-opens=java.base/java.net=ALL-UNNAMED --add-opens=java.base/java.util.concurrent=ALL-UNNAMED --add-opens=java.base/java.util.concurrent.atomic=ALL-UNNAMED --add-opens=java.xml/javax.xml.namespace=ALL-UNNAMED --add-opens=java.base/java.time=ALL-UNNAMED -Xmx2048m -Dfile.encoding=UTF-8 -Duser.country=AR -Duser.language=es -Duser.variant -javaagent:C:\Users\gastona\.gradle\wrapper\dists\gradle-9.2.1-bin\2t0n5ozlw9xmuyvbp7dnzaxug\gradle-9.2.1\lib\agents\gradle-instrumentation-agent-9.2.1.jar org.gradle.launcher.daemon.bootstrap.GradleDaemon 9.2.1

Host: Intel(R) Core(TM) i5-6400 CPU @ 2.70GHz, 4 cores, 15G,  Windows 10 , 64 bit Build 19041 (10.0.19041.5915)
Time: Fri Mar 27 12:17:03 2026 Hora estándar de Argentina elapsed time: 8.353811 seconds (0d 0h 0m 8s)

---------------  T H R E A D  ---------------

Current thread (0x000001b4292c78f0):  JavaThread "C2 CompilerThread0" daemon [_thread_in_native, id=22068, stack(0x0000009c52a00000,0x0000009c52b00000) (1024K)]


Current CompileTask:
C2:8353 4755       4       java.util.regex.Pattern::split (325 bytes)

Stack: [0x0000009c52a00000,0x0000009c52b00000]
Native frames: (J=compiled Java code, j=interpreted, Vv=VM code, C=native code)
V  [jvm.dll+0x6d6c99]
V  [jvm.dll+0x866b83]
V  [jvm.dll+0x86919e]
V  [jvm.dll+0x869883]
V  [jvm.dll+0x280776]
V  [jvm.dll+0xc07cd]
V  [jvm.dll+0xc0d03]
V  [jvm.dll+0x3b986b]
V  [jvm.dll+0x3856a7]
V  [jvm.dll+0x384b1a]
V  [jvm.dll+0x249462]
V  [jvm.dll+0x248a31]
V  [jvm.dll+0x1c7344]
V  [jvm.dll+0x2581ae]
V  [jvm.dll+0x2566f6]
V  [jvm.dll+0x3f48a6]
V  [jvm.dll+0x80f118]
V  [jvm.dll+0x6d54ed]
C  [ucrtbase.dll+0x21bb2]
C  [KERNEL32.DLL+0x17374]
C  [ntdll.dll+0x4cc91]


---------------  P R O C E S S  ---------------

Threads class SMR info:
_java_thread_list=0x000001b430d1cf90, length=35, elements={
0x000001b4121f1590, 0x000001b42927b650, 0x000001b429287060, 0x000001b42928aa60,
0x000001b4292b8410, 0x000001b4292bca90, 0x000001b4292c5130, 0x000001b4292c5f40,
0x000001b4292c78f0, 0x000001b4292ce7f0, 0x000001b4295bb060, 0x000001b42ee29430,
0x000001b42fdc4590, 0x000001b42fd3d360, 0x000001b42f6ead10, 0x000001b42fdb8140,
0x000001b42ffda160, 0x000001b42fc3b1e0, 0x000001b42fc3b870, 0x000001b42fc3bf00,
0x000001b42fc3ab50, 0x000001b430752a80, 0x000001b4307551e0, 0x000001b430758660,
0x000001b4307523f0, 0x000001b430753110, 0x000001b430751d60, 0x000001b430755870,
0x000001b4307572b0, 0x000001b4307537a0, 0x000001b4307544c0, 0x000001b430754b50,
0x000001b42f485040, 0x000001b430757940, 0x000001b430757fd0
}

Java Threads: ( => current thread )
  0x000001b4121f1590 JavaThread "main"                              [_thread_blocked, id=9128, stack(0x0000009c51b00000,0x0000009c51c00000) (1024K)]
  0x000001b42927b650 JavaThread "Common-Cleaner"             daemon [_thread_blocked, id=21488, stack(0x0000009c52300000,0x0000009c52400000) (1024K)]
  0x000001b429287060 JavaThread "Reference Handler"          daemon [_thread_blocked, id=17380, stack(0x0000009c52400000,0x0000009c52500000) (1024K)]
  0x000001b42928aa60 JavaThread "Finalizer"                  daemon [_thread_blocked, id=14660, stack(0x0000009c52500000,0x0000009c52600000) (1024K)]
  0x000001b4292b8410 JavaThread "Signal Dispatcher"          daemon [_thread_blocked, id=3628, stack(0x0000009c52600000,0x0000009c52700000) (1024K)]
  0x000001b4292bca90 JavaThread "Attach Listener"            daemon [_thread_blocked, id=12188, stack(0x0000009c52700000,0x0000009c52800000) (1024K)]
  0x000001b4292c5130 JavaThread "Service Thread"             daemon [_thread_blocked, id=20284, stack(0x0000009c52800000,0x0000009c52900000) (1024K)]
  0x000001b4292c5f40 JavaThread "Monitor Deflation Thread"   daemon [_thread_blocked, id=18212, stack(0x0000009c52900000,0x0000009c52a00000) (1024K)]
=>0x000001b4292c78f0 JavaThread "C2 CompilerThread0"         daemon [_thread_in_native, id=22068, stack(0x0000009c52a00000,0x0000009c52b00000) (1024K)]
  0x000001b4292ce7f0 JavaThread "C1 CompilerThread0"         daemon [_thread_blocked, id=22244, stack(0x0000009c52b00000,0x0000009c52c00000) (1024K)]
  0x000001b4295bb060 JavaThread "Notification Thread"        daemon [_thread_blocked, id=8028, stack(0x0000009c52c00000,0x0000009c52d00000) (1024K)]
  0x000001b42ee29430 JavaThread "Daemon health stats"               [_thread_blocked, id=16412, stack(0x0000009c53100000,0x0000009c53200000) (1024K)]
  0x000001b42fdc4590 JavaThread "Incoming local TCP Connector on port 57063"        [_thread_in_native, id=21664, stack(0x0000009c53200000,0x0000009c53300000) (1024K)]
  0x000001b42fd3d360 JavaThread "Daemon periodic checks"            [_thread_blocked, id=19480, stack(0x0000009c53300000,0x0000009c53400000) (1024K)]
  0x000001b42f6ead10 JavaThread "Daemon"                            [_thread_blocked, id=18120, stack(0x0000009c53400000,0x0000009c53500000) (1024K)]
  0x000001b42fdb8140 JavaThread "Handler for socket connection from /127.0.0.1:57063 to /127.0.0.1:57064"        [_thread_in_native, id=22312, stack(0x0000009c53500000,0x0000009c53600000) (1024K)]
  0x000001b42ffda160 JavaThread "Cancel handler"                    [_thread_blocked, id=17764, stack(0x0000009c53600000,0x0000009c53700000) (1024K)]
  0x000001b42fc3b1e0 JavaThread "Daemon worker"                     [_thread_in_Java, id=21920, stack(0x0000009c53700000,0x0000009c53800000) (1024K)]
  0x000001b42fc3b870 JavaThread "Asynchronous log dispatcher for DefaultDaemonConnection: socket connection from /127.0.0.1:57063 to /127.0.0.1:57064"        [_thread_blocked, id=13584, stack(0x0000009c53800000,0x0000009c53900000) (1024K)]
  0x000001b42fc3bf00 JavaThread "Stdin handler"                     [_thread_blocked, id=3968, stack(0x0000009c53900000,0x0000009c53a00000) (1024K)]
  0x000001b42fc3ab50 JavaThread "Daemon client event forwarder"        [_thread_blocked, id=20092, stack(0x0000009c53a00000,0x0000009c53b00000) (1024K)]
  0x000001b430752a80 JavaThread "Cache worker for journal cache (C:\Users\gastona\.gradle\caches\journal-1)"        [_thread_blocked, id=12712, stack(0x0000009c53b00000,0x0000009c53c00000) (1024K)]
  0x000001b4307551e0 JavaThread "File lock request listener"        [_thread_in_native, id=2356, stack(0x0000009c53c00000,0x0000009c53d00000) (1024K)]
  0x000001b430758660 JavaThread "Cache worker for file hash cache (C:\Users\gastona\.gradle\caches\9.2.1\fileHashes)"        [_thread_blocked, id=21752, stack(0x0000009c53d00000,0x0000009c53e00000) (1024K)]
  0x000001b4307523f0 JavaThread "Cache worker for file hash cache (D:\proyectos_android\basic-android-kotlin-compose-training-race-tracker_practica\.gradle\9.2.1\fileHashes)"        [_thread_blocked, id=21308, stack(0x0000009c53e00000,0x0000009c53f00000) (1024K)]
  0x000001b430753110 JavaThread "Cache worker for Build Output Cleanup Cache (D:\proyectos_android\basic-android-kotlin-compose-training-race-tracker_practica\.gradle\buildOutputCleanup)"        [_thread_blocked, id=12164, stack(0x0000009c53f00000,0x0000009c54000000) (1024K)]
  0x000001b430751d60 JavaThread "File watcher server"        daemon [_thread_in_native, id=20768, stack(0x0000009c54000000,0x0000009c54100000) (1024K)]
  0x000001b430755870 JavaThread "File watcher consumer"      daemon [_thread_blocked, id=13412, stack(0x0000009c54100000,0x0000009c54200000) (1024K)]
  0x000001b4307572b0 JavaThread "Cache worker for checksums cache (D:\proyectos_android\basic-android-kotlin-compose-training-race-tracker_practica\.gradle\9.2.1\checksums)"        [_thread_blocked, id=4152, stack(0x0000009c52d00000,0x0000009c52e00000) (1024K)]
  0x000001b4307537a0 JavaThread "Cache worker for file content cache (C:\Users\gastona\.gradle\caches\9.2.1\fileContent)"        [_thread_blocked, id=21720, stack(0x0000009c54200000,0x0000009c54300000) (1024K)]
  0x000001b4307544c0 JavaThread "Cache worker for cache directory md-supplier (C:\Users\gastona\.gradle\caches\9.2.1\md-supplier)"        [_thread_blocked, id=18848, stack(0x0000009c54300000,0x0000009c54400000) (1024K)]
  0x000001b430754b50 JavaThread "Cache worker for cache directory md-rule (C:\Users\gastona\.gradle\caches\9.2.1\md-rule)"        [_thread_blocked, id=17124, stack(0x0000009c54400000,0x0000009c54500000) (1024K)]
  0x000001b42f485040 JavaThread "C2 CompilerThread1"         daemon [_thread_in_native, id=16608, stack(0x0000009c54500000,0x0000009c54600000) (1024K)]
  0x000001b430757940 JavaThread "jar transforms"                    [_thread_blocked, id=20312, stack(0x0000009c54600000,0x0000009c54700000) (1024K)]
  0x000001b430757fd0 JavaThread "jar transforms Thread 2"           [_thread_blocked, id=21728, stack(0x0000009c54700000,0x0000009c54800000) (1024K)]
Total: 35

Other Threads:
  0x000001b42907f7f0 VMThread "VM Thread"                           [id=7728, stack(0x0000009c52200000,0x0000009c52300000) (1024K)]
  0x000001b42906f580 WatcherThread "VM Periodic Task Thread"        [id=11844, stack(0x0000009c52100000,0x0000009c52200000) (1024K)]
  0x000001b412246940 WorkerThread "GC Thread#0"                     [id=14512, stack(0x0000009c51c00000,0x0000009c51d00000) (1024K)]
  0x000001b429889770 WorkerThread "GC Thread#1"                     [id=13672, stack(0x0000009c52e00000,0x0000009c52f00000) (1024K)]
  0x000001b429889b10 WorkerThread "GC Thread#2"                     [id=22012, stack(0x0000009c52f00000,0x0000009c53000000) (1024K)]
  0x000001b429835c20 WorkerThread "GC Thread#3"                     [id=18316, stack(0x0000009c53000000,0x0000009c53100000) (1024K)]
  0x000001b4122589b0 ConcurrentGCThread "G1 Main Marker"            [id=14480, stack(0x0000009c51d00000,0x0000009c51e00000) (1024K)]
  0x000001b41225a370 WorkerThread "G1 Conc#0"                       [id=21748, stack(0x0000009c51e00000,0x0000009c51f00000) (1024K)]
  0x000001b428f40a60 ConcurrentGCThread "G1 Refine#0"               [id=17932, stack(0x0000009c51f00000,0x0000009c52000000) (1024K)]
  0x000001b428f40e90 ConcurrentGCThread "G1 Service"                [id=12128, stack(0x0000009c52000000,0x0000009c52100000) (1024K)]
Total: 10

Threads with active compile tasks:
C2 CompilerThread0  8393 4755       4       java.util.regex.Pattern::split (325 bytes)
C2 CompilerThread1  8393 4613   !   4       java.util.zip.InflaterInputStream::read (129 bytes)
Total: 2

VM state: not at safepoint (normal execution)

VM Mutex/Monitor currently owned by a thread: None

Heap address: 0x0000000080000000, size: 2048 MB, Compressed Oops mode: 32-bit

CDS archive(s) not mapped
Compressed class space mapped at: 0x0000000100000000-0x0000000140000000, reserved size: 1073741824
Narrow klass base: 0x0000000000000000, Narrow klass shift: 3, Narrow klass range: 0x140000000

GC Precious Log:
 CardTable entry size: 512
 Card Set container configuration: InlinePtr #cards 5 size 8 Array Of Cards #cards 12 size 40 Howl #buckets 4 coarsen threshold 1843 Howl Bitmap #cards 512 size 80 coarsen threshold 460 Card regions per heap region 1 cards per card region 2048
 CPUs: 4 total, 4 available
 Memory: 16296M
 Large Page Support: Disabled
 NUMA Support: Disabled
 Compressed Oops: Enabled (32-bit)
 Heap Region Size: 1M
 Heap Min Capacity: 8M
 Heap Initial Capacity: 256M
 Heap Max Capacity: 2G
 Pre-touch: Disabled
 Parallel Workers: 4
 Concurrent Workers: 1
 Concurrent Refinement Workers: 4
 Periodic GC: Disabled

Heap:
 garbage-first heap   total 82944K, used 48905K [0x0000000080000000, 0x0000000100000000)
  region size 1024K, 20 young (20480K), 5 survivors (5120K)
 Metaspace       used 53435K, committed 54848K, reserved 1114112K
  class space    used 7478K, committed 8128K, reserved 1048576K

Heap Regions: E=young(eden), S=young(survivor), O=old, HS=humongous(starts), HC=humongous(continues), CS=collection set, F=free, TAMS=top-at-mark-start, PB=parsable bottom
|   0|0x0000000080000000, 0x0000000080100000, 0x0000000080100000|100%|HS|  |TAMS 0x0000000080000000| PB 0x0000000080000000| Complete 
|   1|0x0000000080100000, 0x0000000080200000, 0x0000000080200000|100%|HC|  |TAMS 0x0000000080100000| PB 0x0000000080100000| Complete 
|   2|0x0000000080200000, 0x0000000080300000, 0x0000000080300000|100%|HC|  |TAMS 0x0000000080200000| PB 0x0000000080200000| Complete 
|   3|0x0000000080300000, 0x0000000080400000, 0x0000000080400000|100%|HC|  |TAMS 0x0000000080300000| PB 0x0000000080300000| Complete 
|   4|0x0000000080400000, 0x0000000080500000, 0x0000000080500000|100%|HS|  |TAMS 0x0000000080400000| PB 0x0000000080400000| Complete 
|   5|0x0000000080500000, 0x0000000080600000, 0x0000000080600000|100%| O|  |TAMS 0x0000000080500000| PB 0x0000000080500000| Untracked 
|   6|0x0000000080600000, 0x0000000080700000, 0x0000000080700000|100%| O|  |TAMS 0x0000000080600000| PB 0x0000000080600000| Untracked 
|   7|0x0000000080700000, 0x0000000080800000, 0x0000000080800000|100%| O|  |TAMS 0x0000000080700000| PB 0x0000000080700000| Untracked 
|   8|0x0000000080800000, 0x0000000080900000, 0x0000000080900000|100%| O|  |TAMS 0x0000000080800000| PB 0x0000000080800000| Untracked 
|   9|0x0000000080900000, 0x0000000080a00000, 0x0000000080a00000|100%| O|  |TAMS 0x0000000080900000| PB 0x0000000080900000| Untracked 
|  10|0x0000000080a00000, 0x0000000080b00000, 0x0000000080b00000|100%| O|  |TAMS 0x0000000080a00000| PB 0x0000000080a00000| Untracked 
|  11|0x0000000080b00000, 0x0000000080c00000, 0x0000000080c00000|100%| O|  |TAMS 0x0000000080b00000| PB 0x0000000080b00000| Untracked 
|  12|0x0000000080c00000, 0x0000000080d00000, 0x0000000080d00000|100%| O|  |TAMS 0x0000000080c00000| PB 0x0000000080c00000| Untracked 
|  13|0x0000000080d00000, 0x0000000080e00000, 0x0000000080e00000|100%| O|  |TAMS 0x0000000080d00000| PB 0x0000000080d00000| Untracked 
|  14|0x0000000080e00000, 0x0000000080f00000, 0x0000000080f00000|100%| O|  |TAMS 0x0000000080e00000| PB 0x0000000080e00000| Untracked 
|  15|0x0000000080f00000, 0x0000000081000000, 0x0000000081000000|100%| O|  |TAMS 0x0000000080f00000| PB 0x0000000080f00000| Untracked 
|  16|0x0000000081000000, 0x0000000081100000, 0x0000000081100000|100%| O|  |TAMS 0x0000000081000000| PB 0x0000000081000000| Untracked 
|  17|0x0000000081100000, 0x0000000081200000, 0x0000000081200000|100%| O|  |TAMS 0x0000000081100000| PB 0x0000000081100000| Untracked 
|  18|0x0000000081200000, 0x0000000081300000, 0x0000000081300000|100%| O|  |TAMS 0x0000000081200000| PB 0x0000000081200000| Untracked 
|  19|0x0000000081300000, 0x0000000081400000, 0x0000000081400000|100%| O|  |TAMS 0x0000000081300000| PB 0x0000000081300000| Untracked 
|  20|0x0000000081400000, 0x0000000081500000, 0x0000000081500000|100%| O|  |TAMS 0x0000000081400000| PB 0x0000000081400000| Untracked 
|  21|0x0000000081500000, 0x0000000081600000, 0x0000000081600000|100%| O|  |TAMS 0x0000000081500000| PB 0x0000000081500000| Untracked 
|  22|0x0000000081600000, 0x0000000081700000, 0x0000000081700000|100%| O|  |TAMS 0x0000000081600000| PB 0x0000000081600000| Untracked 
|  23|0x0000000081700000, 0x0000000081800000, 0x0000000081800000|100%| O|  |TAMS 0x0000000081700000| PB 0x0000000081700000| Untracked 
|  24|0x0000000081800000, 0x0000000081900000, 0x0000000081900000|100%| O|  |TAMS 0x0000000081800000| PB 0x0000000081800000| Untracked 
|  25|0x0000000081900000, 0x0000000081a00000, 0x0000000081a00000|100%| O|  |TAMS 0x0000000081900000| PB 0x0000000081900000| Untracked 
|  26|0x0000000081a00000, 0x0000000081b00000, 0x0000000081b00000|100%| O|  |TAMS 0x0000000081a00000| PB 0x0000000081a00000| Untracked 
|  27|0x0000000081b00000, 0x0000000081c00000, 0x0000000081c00000|100%| O|  |TAMS 0x0000000081b00000| PB 0x0000000081b00000| Untracked 
|  28|0x0000000081c00000, 0x0000000081d00000, 0x0000000081d00000|100%| O|  |TAMS 0x0000000081c00000| PB 0x0000000081c00000| Untracked 
|  29|0x0000000081d00000, 0x0000000081e00000, 0x0000000081e00000|100%| O|  |TAMS 0x0000000081d00000| PB 0x0000000081d00000| Untracked 
|  30|0x0000000081e00000, 0x0000000081f00000, 0x0000000081f00000|100%| S|CS|TAMS 0x0000000081e00000| PB 0x0000000081e00000| Complete 
|  31|0x0000000081f00000, 0x0000000082000000, 0x0000000082000000|100%| S|CS|TAMS 0x0000000081f00000| PB 0x0000000081f00000| Complete 
|  32|0x0000000082000000, 0x0000000082000000, 0x0000000082100000|  0%| F|  |TAMS 0x0000000082000000| PB 0x0000000082000000| Untracked 
|  33|0x0000000082100000, 0x0000000082100000, 0x0000000082200000|  0%| F|  |TAMS 0x0000000082100000| PB 0x0000000082100000| Untracked 
|  34|0x0000000082200000, 0x0000000082200000, 0x0000000082300000|  0%| F|  |TAMS 0x0000000082200000| PB 0x0000000082200000| Untracked 
|  35|0x0000000082300000, 0x0000000082300000, 0x0000000082400000|  0%| F|  |TAMS 0x0000000082300000| PB 0x0000000082300000| Untracked 
|  36|0x0000000082400000, 0x0000000082400000, 0x0000000082500000|  0%| F|  |TAMS 0x0000000082400000| PB 0x0000000082400000| Untracked 
|  37|0x0000000082500000, 0x0000000082500000, 0x0000000082600000|  0%| F|  |TAMS 0x0000000082500000| PB 0x0000000082500000| Untracked 
|  38|0x0000000082600000, 0x0000000082700000, 0x0000000082700000|100%| S|CS|TAMS 0x0000000082600000| PB 0x0000000082600000| Complete 
|  39|0x0000000082700000, 0x0000000082700000, 0x0000000082800000|  0%| F|  |TAMS 0x0000000082700000| PB 0x0000000082700000| Untracked 
|  40|0x0000000082800000, 0x0000000082800000, 0x0000000082900000|  0%| F|  |TAMS 0x0000000082800000| PB 0x0000000082800000| Untracked 
|  41|0x0000000082900000, 0x0000000082900000, 0x0000000082a00000|  0%| F|  |TAMS 0x0000000082900000| PB 0x0000000082900000| Untracked 
|  42|0x0000000082a00000, 0x0000000082a00000, 0x0000000082b00000|  0%| F|  |TAMS 0x0000000082a00000| PB 0x0000000082a00000| Untracked 
|  43|0x0000000082b00000, 0x0000000082b00000, 0x0000000082c00000|  0%| F|  |TAMS 0x0000000082b00000| PB 0x0000000082b00000| Untracked 
|  44|0x0000000082c00000, 0x0000000082c00000, 0x0000000082d00000|  0%| F|  |TAMS 0x0000000082c00000| PB 0x0000000082c00000| Untracked 
|  45|0x0000000082d00000, 0x0000000082d00000, 0x0000000082e00000|  0%| F|  |TAMS 0x0000000082d00000| PB 0x0000000082d00000| Untracked 
|  46|0x0000000082e00000, 0x0000000082e00000, 0x0000000082f00000|  0%| F|  |TAMS 0x0000000082e00000| PB 0x0000000082e00000| Untracked 
|  47|0x0000000082f00000, 0x0000000082f00000, 0x0000000083000000|  0%| F|  |TAMS 0x0000000082f00000| PB 0x0000000082f00000| Untracked 
|  48|0x0000000083000000, 0x0000000083000000, 0x0000000083100000|  0%| F|  |TAMS 0x0000000083000000| PB 0x0000000083000000| Untracked 
|  49|0x0000000083100000, 0x0000000083100000, 0x0000000083200000|  0%| F|  |TAMS 0x0000000083100000| PB 0x0000000083100000| Untracked 
|  50|0x0000000083200000, 0x0000000083200000, 0x0000000083300000|  0%| F|  |TAMS 0x0000000083200000| PB 0x0000000083200000| Untracked 
|  51|0x0000000083300000, 0x0000000083300000, 0x0000000083400000|  0%| F|  |TAMS 0x0000000083300000| PB 0x0000000083300000| Untracked 
|  52|0x0000000083400000, 0x0000000083400000, 0x0000000083500000|  0%| F|  |TAMS 0x0000000083400000| PB 0x0000000083400000| Untracked 
|  53|0x0000000083500000, 0x0000000083500000, 0x0000000083600000|  0%| F|  |TAMS 0x0000000083500000| PB 0x0000000083500000| Untracked 
|  54|0x0000000083600000, 0x0000000083600000, 0x0000000083700000|  0%| F|  |TAMS 0x0000000083600000| PB 0x0000000083600000| Untracked 
|  55|0x0000000083700000, 0x0000000083700000, 0x0000000083800000|  0%| F|  |TAMS 0x0000000083700000| PB 0x0000000083700000| Untracked 
|  56|0x0000000083800000, 0x0000000083800000, 0x0000000083900000|  0%| F|  |TAMS 0x0000000083800000| PB 0x0000000083800000| Untracked 
|  57|0x0000000083900000, 0x0000000083900000, 0x0000000083a00000|  0%| F|  |TAMS 0x0000000083900000| PB 0x0000000083900000| Untracked 
|  58|0x0000000083a00000, 0x0000000083a00000, 0x0000000083b00000|  0%| F|  |TAMS 0x0000000083a00000| PB 0x0000000083a00000| Untracked 
|  59|0x0000000083b00000, 0x0000000083b00000, 0x0000000083c00000|  0%| F|  |TAMS 0x0000000083b00000| PB 0x0000000083b00000| Untracked 
|  60|0x0000000083c00000, 0x0000000083c00000, 0x0000000083d00000|  0%| F|  |TAMS 0x0000000083c00000| PB 0x0000000083c00000| Untracked 
|  61|0x0000000083d00000, 0x0000000083d00000, 0x0000000083e00000|  0%| F|  |TAMS 0x0000000083d00000| PB 0x0000000083d00000| Untracked 
|  62|0x0000000083e00000, 0x0000000083e00000, 0x0000000083f00000|  0%| F|  |TAMS 0x0000000083e00000| PB 0x0000000083e00000| Untracked 
|  63|0x0000000083f00000, 0x0000000083f80000, 0x0000000084000000| 50%| E|  |TAMS 0x0000000083f00000| PB 0x0000000083f00000| Complete 
|  64|0x0000000084000000, 0x0000000084100000, 0x0000000084100000|100%| E|CS|TAMS 0x0000000084000000| PB 0x0000000084000000| Complete 
|  65|0x0000000084100000, 0x0000000084200000, 0x0000000084200000|100%| E|CS|TAMS 0x0000000084100000| PB 0x0000000084100000| Complete 
|  66|0x0000000084200000, 0x0000000084300000, 0x0000000084300000|100%| E|CS|TAMS 0x0000000084200000| PB 0x0000000084200000| Complete 
|  67|0x0000000084300000, 0x0000000084400000, 0x0000000084400000|100%| E|CS|TAMS 0x0000000084300000| PB 0x0000000084300000| Complete 
|  68|0x0000000084400000, 0x0000000084500000, 0x0000000084500000|100%| E|CS|TAMS 0x0000000084400000| PB 0x0000000084400000| Complete 
|  69|0x0000000084500000, 0x0000000084600000, 0x0000000084600000|100%| E|CS|TAMS 0x0000000084500000| PB 0x0000000084500000| Complete 
|  70|0x0000000084600000, 0x0000000084700000, 0x0000000084700000|100%| E|CS|TAMS 0x0000000084600000| PB 0x0000000084600000| Complete 
|  71|0x0000000084700000, 0x0000000084800000, 0x0000000084800000|100%| E|CS|TAMS 0x0000000084700000| PB 0x0000000084700000| Complete 
|  72|0x0000000084800000, 0x0000000084900000, 0x0000000084900000|100%| E|  |TAMS 0x0000000084800000| PB 0x0000000084800000| Complete 
|  73|0x0000000084900000, 0x0000000084a00000, 0x0000000084a00000|100%| S|CS|TAMS 0x0000000084900000| PB 0x0000000084900000| Complete 
|  74|0x0000000084a00000, 0x0000000084a3efb0, 0x0000000084b00000| 24%| S|CS|TAMS 0x0000000084a00000| PB 0x0000000084a00000| Complete 
| 239|0x000000008ef00000, 0x000000008f000000, 0x000000008f000000|100%| E|CS|TAMS 0x000000008ef00000| PB 0x000000008ef00000| Complete 
| 240|0x000000008f000000, 0x000000008f100000, 0x000000008f100000|100%| E|CS|TAMS 0x000000008f000000| PB 0x000000008f000000| Complete 
| 241|0x000000008f100000, 0x000000008f200000, 0x000000008f200000|100%| E|CS|TAMS 0x000000008f100000| PB 0x000000008f100000| Complete 
| 254|0x000000008fe00000, 0x000000008ff00000, 0x000000008ff00000|100%| E|CS|TAMS 0x000000008fe00000| PB 0x000000008fe00000| Complete 
| 255|0x000000008ff00000, 0x0000000090000000, 0x0000000090000000|100%| E|CS|TAMS 0x000000008ff00000| PB 0x000000008ff00000| Complete 
|2047|0x00000000fff00000, 0x00000000fff83740, 0x0000000100000000| 51%| O|  |TAMS 0x00000000fff00000| PB 0x00000000fff00000| Untracked 

Card table byte_map: [0x000001b424760000,0x000001b424b60000] _byte_map_base: 0x000001b424360000

Marking Bits: (CMBitMap*) 0x000001b412247f60
 Bits: [0x000001b424b60000, 0x000001b426b60000)

Polling page: 0x000001b40fe30000

Metaspace:

Usage:
  Non-class:     44.91 MB used.
      Class:      7.31 MB used.
       Both:     52.22 MB used.

Virtual space:
  Non-class space:       64.00 MB reserved,      45.62 MB ( 71%) committed,  1 nodes.
      Class space:        1.00 GB reserved,       7.94 MB ( <1%) committed,  1 nodes.
             Both:        1.06 GB reserved,      53.56 MB (  5%) committed. 

Chunk freelists:
   Non-Class:  2.33 MB
       Class:  8.08 MB
        Both:  10.41 MB

MaxMetaspaceSize: unlimited
CompressedClassSpaceSize: 1.00 GB
Initial GC threshold: 21.00 MB
Current GC threshold: 59.00 MB
CDS: off
 - commit_granule_bytes: 65536.
 - commit_granule_words: 8192.
 - virtual_space_node_default_size: 8388608.
 - enlarge_chunks_in_place: 1.
 - use_allocation_guard: 0.


Internal statistics:

num_allocs_failed_limit: 6.
num_arena_births: 2530.
num_arena_deaths: 0.
num_vsnodes_births: 2.
num_vsnodes_deaths: 0.
num_space_committed: 857.
num_space_uncommitted: 0.
num_chunks_returned_to_freelist: 6.
num_chunks_taken_from_freelist: 4532.
num_chunk_merges: 6.
num_chunk_splits: 2976.
num_chunks_enlarged: 1859.
num_inconsistent_stats: 0.

CodeHeap 'non-profiled nmethods': size=120000Kb used=2759Kb max_used=2759Kb free=117240Kb
 bounds [0x000001b41ce30000, 0x000001b41d0f0000, 0x000001b424360000]
CodeHeap 'profiled nmethods': size=120000Kb used=8516Kb max_used=8516Kb free=111483Kb
 bounds [0x000001b415360000, 0x000001b415bc0000, 0x000001b41c890000]
CodeHeap 'non-nmethods': size=5760Kb used=1828Kb max_used=1858Kb free=3931Kb
 bounds [0x000001b41c890000, 0x000001b41cb00000, 0x000001b41ce30000]
CodeCache: size=245760Kb, used=13103Kb, max_used=13133Kb, free=232654Kb
 total_blobs=5092, nmethods=4369, adapters=627, full_count=0
Compilation: enabled, stopped_count=0, restarted_count=0

Compilation events (20 events):
Event: 8.219 Thread 0x000001b4292ce7f0 4802       1       java.util.logging.LogManager$LoggerContext::getOwner (5 bytes)
Event: 8.219 Thread 0x000001b4292ce7f0 nmethod 4802 0x000001b41d0d8e10 code [0x000001b41d0d8fa0, 0x000001b41d0d9068]
Event: 8.228 Thread 0x000001b4292ce7f0 4803       3       java.util.concurrent.ConcurrentHashMap$BaseIterator::<init> (21 bytes)
Event: 8.228 Thread 0x000001b4292ce7f0 nmethod 4803 0x000001b415b9c490 code [0x000001b415b9c640, 0x000001b415b9c820]
Event: 8.237 Thread 0x000001b4292ce7f0 4806       1       java.util.zip.Inflater::hasPendingOutput (5 bytes)
Event: 8.237 Thread 0x000001b4292ce7f0 nmethod 4806 0x000001b41d0d9910 code [0x000001b41d0d9aa0, 0x000001b41d0d9b70]
Event: 8.254 Thread 0x000001b4292c78f0 nmethod 4749 0x000001b41d0d9c10 code [0x000001b41d0da0c0, 0x000001b41d0dd270]
Event: 8.254 Thread 0x000001b4292c78f0 4773       4       java.util.stream.ReferencePipeline::forEachWithCancel (23 bytes)
Event: 8.254 Thread 0x000001b4292ce7f0 4807   !   2       java.util.zip.Inflater::needsDictionary (19 bytes)
Event: 8.255 Thread 0x000001b4292ce7f0 nmethod 4807 0x000001b415b9c910 code [0x000001b415b9cac0, 0x000001b415b9ccb8]
Event: 8.256 Thread 0x000001b4292c78f0 nmethod 4773 0x000001b41d0de390 code [0x000001b41d0de540, 0x000001b41d0de6f0]
Event: 8.256 Thread 0x000001b4292c78f0 4751       4       jdk.internal.jimage.ImageLocation::decompress (116 bytes)
Event: 8.261 Thread 0x000001b4292c78f0 nmethod 4751 0x000001b41d0de890 code [0x000001b41d0dea40, 0x000001b41d0dee30]
Event: 8.261 Thread 0x000001b4292c78f0 4755       4       java.util.regex.Pattern::split (325 bytes)
Event: 8.268 Thread 0x000001b4292ce7f0 4808   !   2       java.io.RandomAccessFile::seek (62 bytes)
Event: 8.268 Thread 0x000001b4292ce7f0 nmethod 4808 0x000001b415b9cd90 code [0x000001b415b9cf80, 0x000001b415b9d268]
Event: 8.308 Thread 0x000001b4292ce7f0 4809   !   3       java.lang.Thread::interrupt (61 bytes)
Event: 8.309 Thread 0x000001b4292ce7f0 nmethod 4809 0x000001b415b9d490 code [0x000001b415b9d680, 0x000001b415b9dbb8]
Event: 8.328 Thread 0x000001b4292ce7f0 4810       3       java.lang.Short::<init> (10 bytes)
Event: 8.328 Thread 0x000001b4292ce7f0 nmethod 4810 0x000001b415b9dd90 code [0x000001b415b9df40, 0x000001b415b9e108]

GC Heap History (20 events):
Event: 0.465 GC heap before
{Heap before GC invocations=0 (full 0):
 garbage-first heap   total 262144K, used 13312K [0x0000000080000000, 0x0000000100000000)
  region size 1024K, 13 young (13312K), 0 survivors (0K)
 Metaspace       used 7807K, committed 8000K, reserved 1114112K
  class space    used 737K, committed 832K, reserved 1048576K
}
Event: 0.468 GC heap after
{Heap after GC invocations=1 (full 0):
 garbage-first heap   total 262144K, used 1088K [0x0000000080000000, 0x0000000100000000)
  region size 1024K, 2 young (2048K), 2 survivors (2048K)
 Metaspace       used 7807K, committed 8000K, reserved 1114112K
  class space    used 737K, committed 832K, reserved 1048576K
}
Event: 0.764 GC heap before
{Heap before GC invocations=1 (full 0):
 garbage-first heap   total 262144K, used 27712K [0x0000000080000000, 0x0000000100000000)
  region size 1024K, 28 young (28672K), 2 survivors (2048K)
 Metaspace       used 8159K, committed 8320K, reserved 1114112K
  class space    used 756K, committed 832K, reserved 1048576K
}
Event: 0.766 GC heap after
{Heap after GC invocations=2 (full 0):
 garbage-first heap   total 262144K, used 1688K [0x0000000080000000, 0x0000000100000000)
  region size 1024K, 2 young (2048K), 2 survivors (2048K)
 Metaspace       used 8159K, committed 8320K, reserved 1114112K
  class space    used 756K, committed 832K, reserved 1048576K
}
Event: 3.178 GC heap before
{Heap before GC invocations=2 (full 0):
 garbage-first heap   total 262144K, used 161432K [0x0000000080000000, 0x0000000100000000)
  region size 1024K, 153 young (156672K), 2 survivors (2048K)
 Metaspace       used 17888K, committed 18176K, reserved 1114112K
  class space    used 2062K, committed 2176K, reserved 1048576K
}
Event: 3.187 GC heap after
{Heap after GC invocations=3 (full 0):
 garbage-first heap   total 262144K, used 19218K [0x0000000080000000, 0x0000000100000000)
  region size 1024K, 14 young (14336K), 14 survivors (14336K)
 Metaspace       used 17888K, committed 18176K, reserved 1114112K
  class space    used 2062K, committed 2176K, reserved 1048576K
}
Event: 3.486 GC heap before
{Heap before GC invocations=3 (full 0):
 garbage-first heap   total 262144K, used 32530K [0x0000000080000000, 0x0000000100000000)
  region size 1024K, 28 young (28672K), 14 survivors (14336K)
 Metaspace       used 21218K, committed 21504K, reserved 1114112K
  class space    used 2482K, committed 2624K, reserved 1048576K
}
Event: 3.494 GC heap after
{Heap after GC invocations=4 (full 0):
 garbage-first heap   total 262144K, used 21470K [0x0000000080000000, 0x0000000100000000)
  region size 1024K, 3 young (3072K), 3 survivors (3072K)
 Metaspace       used 21218K, committed 21504K, reserved 1114112K
  class space    used 2482K, committed 2624K, reserved 1048576K
}
Event: 4.847 GC heap before
{Heap before GC invocations=5 (full 0):
 garbage-first heap   total 75776K, used 73694K [0x0000000080000000, 0x0000000100000000)
  region size 1024K, 53 young (54272K), 3 survivors (3072K)
 Metaspace       used 29595K, committed 30144K, reserved 1114112K
  class space    used 3668K, committed 3904K, reserved 1048576K
}
Event: 4.853 GC heap after
{Heap after GC invocations=6 (full 0):
 garbage-first heap   total 79872K, used 23173K [0x0000000080000000, 0x0000000100000000)
  region size 1024K, 4 young (4096K), 4 survivors (4096K)
 Metaspace       used 29595K, committed 30144K, reserved 1114112K
  class space    used 3668K, committed 3904K, reserved 1048576K
}
Event: 5.826 GC heap before
{Heap before GC invocations=6 (full 0):
 garbage-first heap   total 79872K, used 65157K [0x0000000080000000, 0x0000000100000000)
  region size 1024K, 46 young (47104K), 4 survivors (4096K)
 Metaspace       used 35295K, committed 36032K, reserved 1114112K
  class space    used 4633K, committed 4992K, reserved 1048576K
}
Event: 5.832 GC heap after
{Heap after GC invocations=7 (full 0):
 garbage-first heap   total 79872K, used 26122K [0x0000000080000000, 0x0000000100000000)
  region size 1024K, 6 young (6144K), 6 survivors (6144K)
 Metaspace       used 35295K, committed 36032K, reserved 1114112K
  class space    used 4633K, committed 4992K, reserved 1048576K
}
Event: 5.840 GC heap before
{Heap before GC invocations=7 (full 0):
 garbage-first heap   total 79872K, used 26122K [0x0000000080000000, 0x0000000100000000)
  region size 1024K, 7 young (7168K), 6 survivors (6144K)
 Metaspace       used 35371K, committed 36096K, reserved 1114112K
  class space    used 4644K, committed 4992K, reserved 1048576K
}
Event: 5.846 GC heap after
{Heap after GC invocations=8 (full 0):
 garbage-first heap   total 79872K, used 26040K [0x0000000080000000, 0x0000000100000000)
  region size 1024K, 3 young (3072K), 3 survivors (3072K)
 Metaspace       used 35371K, committed 36096K, reserved 1114112K
  class space    used 4644K, committed 4992K, reserved 1048576K
}
Event: 6.996 GC heap before
{Heap before GC invocations=9 (full 0):
 garbage-first heap   total 79872K, used 69048K [0x0000000080000000, 0x0000000100000000)
  region size 1024K, 46 young (47104K), 3 survivors (3072K)
 Metaspace       used 41347K, committed 42304K, reserved 1114112K
  class space    used 5653K, committed 6080K, reserved 1048576K
}
Event: 7.001 GC heap after
{Heap after GC invocations=10 (full 0):
 garbage-first heap   total 79872K, used 28409K [0x0000000080000000, 0x0000000100000000)
  region size 1024K, 6 young (6144K), 6 survivors (6144K)
 Metaspace       used 41347K, committed 42304K, reserved 1114112K
  class space    used 5653K, committed 6080K, reserved 1048576K
}
Event: 7.616 GC heap before
{Heap before GC invocations=10 (full 0):
 garbage-first heap   total 79872K, used 68345K [0x0000000080000000, 0x0000000100000000)
  region size 1024K, 46 young (47104K), 6 survivors (6144K)
 Metaspace       used 47401K, committed 48576K, reserved 1114112K
  class space    used 6544K, committed 7104K, reserved 1048576K
}
Event: 7.624 GC heap after
{Heap after GC invocations=11 (full 0):
 garbage-first heap   total 79872K, used 31377K [0x0000000080000000, 0x0000000100000000)
  region size 1024K, 6 young (6144K), 6 survivors (6144K)
 Metaspace       used 47401K, committed 48576K, reserved 1114112K
  class space    used 6544K, committed 7104K, reserved 1048576K
}
Event: 8.192 GC heap before
{Heap before GC invocations=11 (full 0):
 garbage-first heap   total 79872K, used 71313K [0x0000000080000000, 0x0000000100000000)
  region size 1024K, 45 young (46080K), 6 survivors (6144K)
 Metaspace       used 51669K, committed 53056K, reserved 1114112K
  class space    used 7137K, committed 7808K, reserved 1048576K
}
Event: 8.200 GC heap after
{Heap after GC invocations=12 (full 0):
 garbage-first heap   total 82944K, used 35593K [0x0000000080000000, 0x0000000100000000)
  region size 1024K, 5 young (5120K), 5 survivors (5120K)
 Metaspace       used 51669K, committed 53056K, reserved 1114112K
  class space    used 7137K, committed 7808K, reserved 1048576K
}

Dll operation events (3 events):
Event: 0.009 Loaded shared library C:\Program Files\Android\Android Studio\jbr\bin\java.dll
Event: 0.016 Loaded shared library C:\Program Files\Android\Android Studio\jbr\bin\zip.dll
Event: 0.998 Loaded shared library C:\Program Files\Android\Android Studio\jbr\bin\verify.dll

Deoptimization events (20 events):
Event: 7.911 Thread 0x000001b42fc3b1e0 Uncommon trap: trap_request=0xffffffbe fr.pc=0x000001b41d0be50c relative=0x000000000000122c
Event: 7.911 Thread 0x000001b42fc3b1e0 Uncommon trap: reason=profile_predicate action=maybe_recompile pc=0x000001b41d0be50c method=java.lang.invoke.InvokerBytecodeGenerator.<init>(Ljava/lang/String;Ljava/lang/String;Ljava/lang/invoke/LambdaForm;Ljava/lang/invoke/MethodType;)V @ 33 c2
Event: 7.911 Thread 0x000001b42fc3b1e0 DEOPT PACKING pc=0x000001b41d0be50c sp=0x0000009c537f7870
Event: 7.911 Thread 0x000001b42fc3b1e0 DEOPT UNPACKING pc=0x000001b41c8e43a2 sp=0x0000009c537f7820 mode 2
Event: 7.911 Thread 0x000001b42fc3b1e0 Uncommon trap: trap_request=0xffffffbe fr.pc=0x000001b41d0be50c relative=0x000000000000122c
Event: 7.911 Thread 0x000001b42fc3b1e0 Uncommon trap: reason=profile_predicate action=maybe_recompile pc=0x000001b41d0be50c method=java.lang.invoke.InvokerBytecodeGenerator.<init>(Ljava/lang/String;Ljava/lang/String;Ljava/lang/invoke/LambdaForm;Ljava/lang/invoke/MethodType;)V @ 33 c2
Event: 7.911 Thread 0x000001b42fc3b1e0 DEOPT PACKING pc=0x000001b41d0be50c sp=0x0000009c537f7800
Event: 7.911 Thread 0x000001b42fc3b1e0 DEOPT UNPACKING pc=0x000001b41c8e43a2 sp=0x0000009c537f77b0 mode 2
Event: 7.927 Thread 0x000001b42fc3b1e0 Uncommon trap: trap_request=0xffffffbe fr.pc=0x000001b41d0be50c relative=0x000000000000122c
Event: 7.927 Thread 0x000001b42fc3b1e0 Uncommon trap: reason=profile_predicate action=maybe_recompile pc=0x000001b41d0be50c method=java.lang.invoke.InvokerBytecodeGenerator.<init>(Ljava/lang/String;Ljava/lang/String;Ljava/lang/invoke/LambdaForm;Ljava/lang/invoke/MethodType;)V @ 33 c2
Event: 7.927 Thread 0x000001b42fc3b1e0 DEOPT PACKING pc=0x000001b41d0be50c sp=0x0000009c537f7920
Event: 7.927 Thread 0x000001b42fc3b1e0 DEOPT UNPACKING pc=0x000001b41c8e43a2 sp=0x0000009c537f78d0 mode 2
Event: 8.057 Thread 0x000001b42fc3b1e0 Uncommon trap: trap_request=0xffffff45 fr.pc=0x000001b41cea84ac relative=0x000000000000174c
Event: 8.057 Thread 0x000001b42fc3b1e0 Uncommon trap: reason=unstable_if action=reinterpret pc=0x000001b41cea84ac method=sun.nio.fs.WindowsPathParser.isSlash(C)Z @ 9 c2
Event: 8.057 Thread 0x000001b42fc3b1e0 DEOPT PACKING pc=0x000001b41cea84ac sp=0x0000009c537f6850
Event: 8.057 Thread 0x000001b42fc3b1e0 DEOPT UNPACKING pc=0x000001b41c8e43a2 sp=0x0000009c537f67f8 mode 2
Event: 8.057 Thread 0x000001b42fc3b1e0 Uncommon trap: trap_request=0xffffff45 fr.pc=0x000001b41ce48d70 relative=0x0000000000000050
Event: 8.057 Thread 0x000001b42fc3b1e0 Uncommon trap: reason=unstable_if action=reinterpret pc=0x000001b41ce48d70 method=sun.nio.fs.WindowsPathParser.isSlash(C)Z @ 9 c2
Event: 8.057 Thread 0x000001b42fc3b1e0 DEOPT PACKING pc=0x000001b41ce48d70 sp=0x0000009c537f6870
Event: 8.057 Thread 0x000001b42fc3b1e0 DEOPT UNPACKING pc=0x000001b41c8e43a2 sp=0x0000009c537f67f8 mode 2

Classes loaded (20 events):
Event: 8.085 Loading class jdk/internal/jrtfs/JrtFileAttributes
Event: 8.085 Loading class jdk/internal/jrtfs/JrtFileAttributes done
Event: 8.085 Loading class jdk/internal/jrtfs/JrtDirectoryStream
Event: 8.086 Loading class jdk/internal/jrtfs/JrtDirectoryStream done
Event: 8.087 Loading class jdk/internal/jrtfs/JrtDirectoryStream$1
Event: 8.087 Loading class jdk/internal/jrtfs/JrtDirectoryStream$1 done
Event: 8.087 Loading class java/util/function/BooleanSupplier
Event: 8.087 Loading class java/util/function/BooleanSupplier done
Event: 8.087 Loading class jdk/internal/jimage/ImageReader$Resource
Event: 8.087 Loading class jdk/internal/jimage/ImageReader$Resource done
Event: 8.217 Loading class java/util/WeakHashMap$KeyIterator
Event: 8.218 Loading class java/util/WeakHashMap$HashIterator
Event: 8.218 Loading class java/util/WeakHashMap$HashIterator done
Event: 8.218 Loading class java/util/WeakHashMap$KeyIterator done
Event: 8.328 Loading class java/lang/Short$ShortCache
Event: 8.328 Loading class java/lang/Short$ShortCache done
Event: 8.328 Loading class java/lang/Byte$ByteCache
Event: 8.328 Loading class java/lang/Byte$ByteCache done
Event: 8.343 Loading class java/util/EmptyStackException
Event: 8.343 Loading class java/util/EmptyStackException done

Classes unloaded (0 events):
No events

Classes redefined (0 events):
No events

Internal exceptions (20 events):
Event: 7.970 Thread 0x000001b42fc3b1e0 Exception <a 'java/lang/IncompatibleClassChangeError'{0x0000000083bba808}: Found class java.lang.Object, but interface was expected> (0x0000000083bba808) 
thrown [s\src\hotspot\share\interpreter\linkResolver.cpp, line 851]
Event: 7.977 Thread 0x000001b42fc3b1e0 Exception <a 'java/lang/NoSuchMethodError'{0x0000000083a0d908}: 'void java.lang.invoke.DirectMethodHandle$Holder.invokeStatic(java.lang.Object, java.lang.Object, java.lang.Object, java.lang.Object, java.lang.Object, java.lang.Object)'> (0x0000000083a0d908) 
thrown [s\src\hotspot\share\interpreter\linkResolver.cpp, line 784]
Event: 7.990 Thread 0x000001b42fc3b1e0 Exception <a 'sun/nio/fs/WindowsException'{0x0000000083a92500}> (0x0000000083a92500) 
thrown [s\src\hotspot\share\prims\jni.cpp, line 537]
Event: 7.990 Thread 0x000001b42fc3b1e0 Exception <a 'sun/nio/fs/WindowsException'{0x0000000083a93b88}> (0x0000000083a93b88) 
thrown [s\src\hotspot\share\prims\jni.cpp, line 537]
Event: 7.990 Thread 0x000001b42fc3b1e0 Exception <a 'sun/nio/fs/WindowsException'{0x0000000083a95428}> (0x0000000083a95428) 
thrown [s\src\hotspot\share\prims\jni.cpp, line 537]
Event: 7.990 Thread 0x000001b42fc3b1e0 Exception <a 'sun/nio/fs/WindowsException'{0x0000000083a96c80}> (0x0000000083a96c80) 
thrown [s\src\hotspot\share\prims\jni.cpp, line 537]
Event: 7.990 Thread 0x000001b42fc3b1e0 Exception <a 'sun/nio/fs/WindowsException'{0x0000000083a98788}> (0x0000000083a98788) 
thrown [s\src\hotspot\share\prims\jni.cpp, line 537]
Event: 7.991 Thread 0x000001b42fc3b1e0 Exception <a 'sun/nio/fs/WindowsException'{0x0000000083a9a4f0}> (0x0000000083a9a4f0) 
thrown [s\src\hotspot\share\prims\jni.cpp, line 537]
Event: 7.993 Thread 0x000001b42fc3b1e0 Exception <a 'sun/nio/fs/WindowsException'{0x0000000083a9cca8}> (0x0000000083a9cca8) 
thrown [s\src\hotspot\share\prims\jni.cpp, line 537]
Event: 7.993 Thread 0x000001b42fc3b1e0 Exception <a 'sun/nio/fs/WindowsException'{0x0000000083a9e308}> (0x0000000083a9e308) 
thrown [s\src\hotspot\share\prims\jni.cpp, line 537]
Event: 7.993 Thread 0x000001b42fc3b1e0 Exception <a 'sun/nio/fs/WindowsException'{0x0000000083aa0618}> (0x0000000083aa0618) 
thrown [s\src\hotspot\share\prims\jni.cpp, line 537]
Event: 7.993 Thread 0x000001b42fc3b1e0 Exception <a 'sun/nio/fs/WindowsException'{0x0000000083aa1c78}> (0x0000000083aa1c78) 
thrown [s\src\hotspot\share\prims\jni.cpp, line 537]
Event: 7.997 Thread 0x000001b42fc3b1e0 Exception <a 'sun/nio/fs/WindowsException'{0x0000000083ad1790}> (0x0000000083ad1790) 
thrown [s\src\hotspot\share\prims\jni.cpp, line 537]
Event: 7.997 Thread 0x000001b42fc3b1e0 Exception <a 'sun/nio/fs/WindowsException'{0x0000000083ad30c0}> (0x0000000083ad30c0) 
thrown [s\src\hotspot\share\prims\jni.cpp, line 537]
Event: 7.997 Thread 0x000001b42fc3b1e0 Exception <a 'sun/nio/fs/WindowsException'{0x0000000083ad49d8}> (0x0000000083ad49d8) 
thrown [s\src\hotspot\share\prims\jni.cpp, line 537]
Event: 7.998 Thread 0x000001b42fc3b1e0 Exception <a 'sun/nio/fs/WindowsException'{0x0000000083ad7ee8}> (0x0000000083ad7ee8) 
thrown [s\src\hotspot\share\prims\jni.cpp, line 537]
Event: 7.999 Thread 0x000001b42fc3b1e0 Exception <a 'sun/nio/fs/WindowsException'{0x0000000083adafd8}> (0x0000000083adafd8) 
thrown [s\src\hotspot\share\prims\jni.cpp, line 537]
Event: 8.000 Thread 0x000001b42fc3b1e0 Exception <a 'sun/nio/fs/WindowsException'{0x0000000083ade848}> (0x0000000083ade848) 
thrown [s\src\hotspot\share\prims\jni.cpp, line 537]
Event: 8.201 Thread 0x000001b42928aa60 Exception <a 'java/lang/NullPointerException'{0x000000008ff8e270}> (0x000000008ff8e270) 
thrown [s\src\hotspot\share\interpreter\linkResolver.cpp, line 1385]
Event: 8.235 Thread 0x000001b42fc3b1e0 Exception <a 'java/lang/NoSuchMethodError'{0x000000008eff7e00}: 'void java.lang.invoke.Invokers$Holder.invokeExact_MT(java.lang.Object, java.lang.Object, java.lang.Object, java.lang.Object)'> (0x000000008eff7e00) 
thrown [s\src\hotspot\share\interpreter\linkResolver.cpp, line 784]

ZGC Phase Switch (0 events):
No events

VM Operations (20 events):
Event: 7.813 Executing VM operation: HandshakeAllThreads (Deoptimize)
Event: 7.814 Executing VM operation: HandshakeAllThreads (Deoptimize) done
Event: 7.942 Executing VM operation: ICBufferFull
Event: 7.942 Executing VM operation: ICBufferFull done
Event: 8.060 Executing VM operation: HandshakeAllThreads (Deoptimize)
Event: 8.060 Executing VM operation: HandshakeAllThreads (Deoptimize) done
Event: 8.066 Executing VM operation: HandshakeAllThreads (Deoptimize)
Event: 8.066 Executing VM operation: HandshakeAllThreads (Deoptimize) done
Event: 8.068 Executing VM operation: HandshakeAllThreads (Deoptimize)
Event: 8.068 Executing VM operation: HandshakeAllThreads (Deoptimize) done
Event: 8.071 Executing VM operation: HandshakeAllThreads (Deoptimize)
Event: 8.071 Executing VM operation: HandshakeAllThreads (Deoptimize) done
Event: 8.079 Executing VM operation: HandshakeAllThreads (Deoptimize)
Event: 8.079 Executing VM operation: HandshakeAllThreads (Deoptimize) done
Event: 8.085 Executing VM operation: HandshakeAllThreads (Deoptimize)
Event: 8.085 Executing VM operation: HandshakeAllThreads (Deoptimize) done
Event: 8.086 Executing VM operation: HandshakeAllThreads (Deoptimize)
Event: 8.086 Executing VM operation: HandshakeAllThreads (Deoptimize) done
Event: 8.192 Executing VM operation: G1CollectForAllocation (G1 Evacuation Pause)
Event: 8.200 Executing VM operation: G1CollectForAllocation (G1 Evacuation Pause) done

Memory protections (0 events):
No events

Nmethod flushes (20 events):
Event: 5.867 Thread 0x000001b42907f7f0 flushing  nmethod 0x000001b415511810
Event: 5.867 Thread 0x000001b42907f7f0 flushing  nmethod 0x000001b415512590
Event: 5.867 Thread 0x000001b42907f7f0 flushing  nmethod 0x000001b41552ef90
Event: 5.867 Thread 0x000001b42907f7f0 flushing  nmethod 0x000001b415532410
Event: 5.867 Thread 0x000001b42907f7f0 flushing  nmethod 0x000001b415557c90
Event: 5.867 Thread 0x000001b42907f7f0 flushing  nmethod 0x000001b41557d190
Event: 5.867 Thread 0x000001b42907f7f0 flushing  nmethod 0x000001b41557dd90
Event: 5.867 Thread 0x000001b42907f7f0 flushing  nmethod 0x000001b415622710
Event: 5.867 Thread 0x000001b42907f7f0 flushing  nmethod 0x000001b415622d90
Event: 5.867 Thread 0x000001b42907f7f0 flushing osr nmethod 0x000001b415657f90
Event: 5.867 Thread 0x000001b42907f7f0 flushing  nmethod 0x000001b4156dd310
Event: 5.867 Thread 0x000001b42907f7f0 flushing  nmethod 0x000001b415729610
Event: 5.867 Thread 0x000001b42907f7f0 flushing  nmethod 0x000001b415758910
Event: 5.867 Thread 0x000001b42907f7f0 flushing  nmethod 0x000001b415758d10
Event: 5.867 Thread 0x000001b42907f7f0 flushing  nmethod 0x000001b41575ef90
Event: 5.867 Thread 0x000001b42907f7f0 flushing  nmethod 0x000001b4157a1610
Event: 5.867 Thread 0x000001b42907f7f0 flushing  nmethod 0x000001b4157a1b10
Event: 5.867 Thread 0x000001b42907f7f0 flushing  nmethod 0x000001b4157a4c10
Event: 5.867 Thread 0x000001b42907f7f0 flushing  nmethod 0x000001b4157f0110
Event: 5.867 Thread 0x000001b42907f7f0 flushing  nmethod 0x000001b4157f0410

Events (20 events):
Event: 3.478 Thread 0x000001b42f6ead10 Thread added: 0x000001b42ffda160
Event: 3.496 Thread 0x000001b42f6ead10 Thread added: 0x000001b42fc3b1e0
Event: 3.513 Thread 0x000001b42fc3b1e0 Thread added: 0x000001b42fc3b870
Event: 3.518 Thread 0x000001b42fc3b1e0 Thread added: 0x000001b42fc3bf00
Event: 3.527 Thread 0x000001b42fc3b1e0 Thread added: 0x000001b42fc3ab50
Event: 4.020 Thread 0x000001b42fc3b1e0 Thread added: 0x000001b430752a80
Event: 4.030 Thread 0x000001b42fc3b1e0 Thread added: 0x000001b4307551e0
Event: 4.119 Thread 0x000001b42fc3b1e0 Thread added: 0x000001b430758660
Event: 5.872 Thread 0x000001b42fc3b1e0 Thread added: 0x000001b4307523f0
Event: 5.886 Thread 0x000001b42fc3b1e0 Thread added: 0x000001b430753110
Event: 6.115 Thread 0x000001b42fc3b1e0 Thread added: 0x000001b430751d60
Event: 6.119 Thread 0x000001b42fc3b1e0 Thread added: 0x000001b430755870
Event: 6.714 Thread 0x000001b42e4c34c0 Thread exited: 0x000001b42e4c34c0
Event: 6.782 Thread 0x000001b42fc3b1e0 Thread added: 0x000001b4307572b0
Event: 6.853 Thread 0x000001b42fc3b1e0 Thread added: 0x000001b4307537a0
Event: 7.092 Thread 0x000001b42fc3b1e0 Thread added: 0x000001b4307544c0
Event: 7.145 Thread 0x000001b42fc3b1e0 Thread added: 0x000001b430754b50
Event: 7.280 Thread 0x000001b4292ce7f0 Thread added: 0x000001b42f485040
Event: 7.335 Thread 0x000001b42fc3b1e0 Thread added: 0x000001b430757940
Event: 7.393 Thread 0x000001b42fc3b1e0 Thread added: 0x000001b430757fd0


Dynamic libraries:
0x00007ff76eb90000 - 0x00007ff76eb9a000 	C:\Program Files\Android\Android Studio\jbr\bin\java.exe
0x00007fface210000 - 0x00007fface408000 	C:\WINDOWS\SYSTEM32\ntdll.dll
0x00007ffacd280000 - 0x00007ffacd342000 	C:\WINDOWS\System32\KERNEL32.DLL
0x00007ffacbbb0000 - 0x00007ffacbea6000 	C:\WINDOWS\System32\KERNELBASE.dll
0x00007ffacba20000 - 0x00007ffacbb20000 	C:\WINDOWS\System32\ucrtbase.dll
0x00007ffaa6930000 - 0x00007ffaa694b000 	C:\Program Files\Android\Android Studio\jbr\bin\VCRUNTIME140.dll
0x00007ffaa4ed0000 - 0x00007ffaa4ee8000 	C:\Program Files\Android\Android Studio\jbr\bin\jli.dll
0x00007ffacd070000 - 0x00007ffacd211000 	C:\WINDOWS\System32\USER32.dll
0x00007ffac16d0000 - 0x00007ffac196b000 	C:\WINDOWS\WinSxS\amd64_microsoft.windows.common-controls_6595b64144ccf1df_6.0.19041.6456_none_60b8a6cb71f64256\COMCTL32.dll
0x00007ffacbeb0000 - 0x00007ffacbed2000 	C:\WINDOWS\System32\win32u.dll
0x00007ffacc3e0000 - 0x00007ffacc47e000 	C:\WINDOWS\System32\msvcrt.dll
0x00007ffacc200000 - 0x00007ffacc22b000 	C:\WINDOWS\System32\GDI32.dll
0x00007ffacc0b0000 - 0x00007ffacc1c9000 	C:\WINDOWS\System32\gdi32full.dll
0x00007ffacbf90000 - 0x00007ffacc02d000 	C:\WINDOWS\System32\msvcp_win.dll
0x00007ffacc870000 - 0x00007ffacc89f000 	C:\WINDOWS\System32\IMM32.DLL
0x00007ffaaa430000 - 0x00007ffaaa43c000 	C:\Program Files\Android\Android Studio\jbr\bin\vcruntime140_1.dll
0x00007ffa98c10000 - 0x00007ffa98c9d000 	C:\Program Files\Android\Android Studio\jbr\bin\msvcp140.dll
0x00007ffa1b840000 - 0x00007ffa1c4d6000 	C:\Program Files\Android\Android Studio\jbr\bin\server\jvm.dll
0x00007ffacd430000 - 0x00007ffacd4e1000 	C:\WINDOWS\System32\ADVAPI32.dll
0x00007ffacdfe0000 - 0x00007fface07f000 	C:\WINDOWS\System32\sechost.dll
0x00007ffacdec0000 - 0x00007ffacdfe0000 	C:\WINDOWS\System32\RPCRT4.dll
0x00007ffacc1d0000 - 0x00007ffacc1f7000 	C:\WINDOWS\System32\bcrypt.dll
0x00007ffacc510000 - 0x00007ffacc57b000 	C:\WINDOWS\System32\WS2_32.dll
0x00007ffacb6d0000 - 0x00007ffacb71b000 	C:\WINDOWS\SYSTEM32\POWRPROF.dll
0x00007ffac0be0000 - 0x00007ffac0c07000 	C:\WINDOWS\SYSTEM32\WINMM.dll
0x00007ffac5270000 - 0x00007ffac527a000 	C:\WINDOWS\SYSTEM32\VERSION.dll
0x00007ffacb6b0000 - 0x00007ffacb6c2000 	C:\WINDOWS\SYSTEM32\UMPDC.dll
0x00007ffac9400000 - 0x00007ffac9412000 	C:\WINDOWS\SYSTEM32\kernel.appcore.dll
0x00007ffaaa240000 - 0x00007ffaaa24a000 	C:\Program Files\Android\Android Studio\jbr\bin\jimage.dll
0x00007ffac08d0000 - 0x00007ffac0ad1000 	C:\WINDOWS\SYSTEM32\DBGHELP.DLL
0x00007ffaacd40000 - 0x00007ffaacd74000 	C:\WINDOWS\SYSTEM32\dbgcore.DLL
0x00007ffacbb20000 - 0x00007ffacbba2000 	C:\WINDOWS\System32\bcryptPrimitives.dll
0x00007ffaace00000 - 0x00007ffaace0e000 	C:\Program Files\Android\Android Studio\jbr\bin\instrument.dll
0x00007ffaa4e70000 - 0x00007ffaa4e90000 	C:\Program Files\Android\Android Studio\jbr\bin\java.dll
0x00007ffa992f0000 - 0x00007ffa99308000 	C:\Program Files\Android\Android Studio\jbr\bin\zip.dll
0x00007ffacc8a0000 - 0x00007ffacd010000 	C:\WINDOWS\System32\SHELL32.dll
0x00007ffac96e0000 - 0x00007ffac9e85000 	C:\WINDOWS\SYSTEM32\windows.storage.dll
0x00007ffacdb60000 - 0x00007ffacdeb4000 	C:\WINDOWS\System32\combase.dll
0x00007ffacb0e0000 - 0x00007ffacb10b000 	C:\WINDOWS\SYSTEM32\Wldp.dll
0x00007ffacd4f0000 - 0x00007ffacd5bd000 	C:\WINDOWS\System32\OLEAUT32.dll
0x00007fface090000 - 0x00007fface13d000 	C:\WINDOWS\System32\SHCORE.dll
0x00007ffacd350000 - 0x00007ffacd3ab000 	C:\WINDOWS\System32\shlwapi.dll
0x00007ffacb7a0000 - 0x00007ffacb7c4000 	C:\WINDOWS\SYSTEM32\profapi.dll
0x00007ffaa9900000 - 0x00007ffaa9910000 	C:\Program Files\Android\Android Studio\jbr\bin\net.dll
0x00007ffac7460000 - 0x00007ffac756a000 	C:\WINDOWS\SYSTEM32\WINHTTP.dll
0x00007ffacaec0000 - 0x00007ffacaf2a000 	C:\WINDOWS\system32\mswsock.dll
0x00007ffa98830000 - 0x00007ffa98846000 	C:\Program Files\Android\Android Studio\jbr\bin\nio.dll
0x00007ffa91270000 - 0x00007ffa91280000 	C:\Program Files\Android\Android Studio\jbr\bin\verify.dll
0x00007ffa92510000 - 0x00007ffa92537000 	C:\Users\gastona\.gradle\native\660c5614fbf4a5f2a75b1949f50a0caf5cd603558e7d8a26e50b933a0cfb79d1\windows-amd64\native-platform.dll
0x00007ffa8b590000 - 0x00007ffa8b607000 	C:\Users\gastona\.gradle\native\0.2.8\x86_64-windows-gnu\gradle-fileevents.dll
0x00007ffa98820000 - 0x00007ffa98829000 	C:\Program Files\Android\Android Studio\jbr\bin\management.dll
0x00007ffa91430000 - 0x00007ffa9143b000 	C:\Program Files\Android\Android Studio\jbr\bin\management_ext.dll
0x00007ffacda30000 - 0x00007ffacda38000 	C:\WINDOWS\System32\PSAPI.DLL
0x00007ffacabc0000 - 0x00007ffacabfb000 	C:\WINDOWS\SYSTEM32\IPHLPAPI.DLL
0x00007fface080000 - 0x00007fface088000 	C:\WINDOWS\System32\NSI.dll
0x00007ffa9c950000 - 0x00007ffa9c959000 	C:\Program Files\Android\Android Studio\jbr\bin\extnet.dll
0x00007ffacb280000 - 0x00007ffacb298000 	C:\WINDOWS\SYSTEM32\CRYPTSP.dll
0x00007ffaca800000 - 0x00007ffaca838000 	C:\WINDOWS\system32\rsaenh.dll
0x00007ffacb760000 - 0x00007ffacb78e000 	C:\WINDOWS\SYSTEM32\USERENV.dll
0x00007ffacb050000 - 0x00007ffacb05c000 	C:\WINDOWS\SYSTEM32\CRYPTBASE.dll
0x00007ffa96bf0000 - 0x00007ffa96bf7000 	C:\WINDOWS\system32\wshunix.dll

JVMTI agents:
C:\Users\gastona\.gradle\wrapper\dists\gradle-9.2.1-bin\2t0n5ozlw9xmuyvbp7dnzaxug\gradle-9.2.1\lib\agents\gradle-instrumentation-agent-9.2.1.jar path:C:\Program Files\Android\Android Studio\jbr\bin\instrument.dll, loaded, initialized, instrumentlib options:none

dbghelp: loaded successfully - version: 4.0.5 - missing functions: none
symbol engine: initialized successfully - sym options: 0x614 - pdb path: .;C:\Program Files\Android\Android Studio\jbr\bin;C:\WINDOWS\SYSTEM32;C:\WINDOWS\WinSxS\amd64_microsoft.windows.common-controls_6595b64144ccf1df_6.0.19041.6456_none_60b8a6cb71f64256;C:\Program Files\Android\Android Studio\jbr\bin\server;C:\Users\gastona\.gradle\native\660c5614fbf4a5f2a75b1949f50a0caf5cd603558e7d8a26e50b933a0cfb79d1\windows-amd64;C:\Users\gastona\.gradle\native\0.2.8\x86_64-windows-gnu

VM Arguments:
jvm_args: --add-opens=java.base/java.lang=ALL-UNNAMED --add-opens=java.base/java.lang.invoke=ALL-UNNAMED --add-opens=java.base/java.util=ALL-UNNAMED --add-opens=java.prefs/java.util.prefs=ALL-UNNAMED --add-exports=jdk.compiler/com.sun.tools.javac.api=ALL-UNNAMED --add-exports=jdk.compiler/com.sun.tools.javac.util=ALL-UNNAMED --add-opens=java.base/java.util=ALL-UNNAMED --add-opens=java.prefs/java.util.prefs=ALL-UNNAMED --add-opens=java.base/java.nio.charset=ALL-UNNAMED --add-opens=java.base/java.net=ALL-UNNAMED --add-opens=java.base/java.util.concurrent=ALL-UNNAMED --add-opens=java.base/java.util.concurrent.atomic=ALL-UNNAMED --add-opens=java.xml/javax.xml.namespace=ALL-UNNAMED --add-opens=java.base/java.time=ALL-UNNAMED -Xmx2048m -Dfile.encoding=UTF-8 -Duser.country=AR -Duser.language=es -Duser.variant -javaagent:C:\Users\gastona\.gradle\wrapper\dists\gradle-9.2.1-bin\2t0n5ozlw9xmuyvbp7dnzaxug\gradle-9.2.1\lib\agents\gradle-instrumentation-agent-9.2.1.jar 
java_command: org.gradle.launcher.daemon.bootstrap.GradleDaemon 9.2.1
java_class_path (initial): C:\Users\gastona\.gradle\wrapper\dists\gradle-9.2.1-bin\2t0n5ozlw9xmuyvbp7dnzaxug\gradle-9.2.1\lib\gradle-daemon-main-9.2.1.jar
Launcher Type: SUN_STANDARD

[Global flags]
     intx CICompilerCount                          = 3                                         {product} {ergonomic}
     uint ConcGCThreads                            = 1                                         {product} {ergonomic}
     uint G1ConcRefinementThreads                  = 4                                         {product} {ergonomic}
   size_t G1HeapRegionSize                         = 1048576                                   {product} {ergonomic}
    uintx GCDrainStackTargetSize                   = 64                                        {product} {ergonomic}
   size_t InitialHeapSize                          = 268435456                                 {product} {ergonomic}
   size_t MarkStackSize                            = 4194304                                   {product} {ergonomic}
   size_t MaxHeapSize                              = 2147483648                                {product} {command line}
   size_t MaxNewSize                               = 1287651328                                {product} {ergonomic}
   size_t MinHeapDeltaBytes                        = 1048576                                   {product} {ergonomic}
   size_t MinHeapSize                              = 8388608                                   {product} {ergonomic}
    uintx NonNMethodCodeHeapSize                   = 5832780                                {pd product} {ergonomic}
    uintx NonProfiledCodeHeapSize                  = 122912730                              {pd product} {ergonomic}
    uintx ProfiledCodeHeapSize                     = 122912730                              {pd product} {ergonomic}
    uintx ReservedCodeCacheSize                    = 251658240                              {pd product} {ergonomic}
     bool SegmentedCodeCache                       = true                                      {product} {ergonomic}
   size_t SoftMaxHeapSize                          = 2147483648                             {manageable} {ergonomic}
     bool UseCompressedOops                        = true                           {product lp64_product} {ergonomic}
     bool UseG1GC                                  = true                                      {product} {ergonomic}
     bool UseLargePagesIndividualAllocation        = false                                  {pd product} {ergonomic}

Logging:
Log output configuration:
 #0: stdout all=warning uptime,level,tags foldmultilines=false
 #1: stderr all=off uptime,level,tags foldmultilines=false

Release file:
JAVA_VERSION="21.0.9" 
MODULES="java.base java.compiler java.datatransfer java.xml java.prefs java.desktop java.instrument java.logging java.management java.security.sasl java.naming java.rmi java.management.rmi java.net.http java.scripting java.security.jgss java.transaction.xa java.sql java.sql.rowset java.xml.crypto java.se java.smartcardio jdk.accessibility jdk.internal.jvmstat jdk.attach jdk.charsets jdk.internal.opt jdk.zipfs jdk.compiler jdk.crypto.ec jdk.crypto.cryptoki jdk.dynalink jdk.hotspot.agent jdk.httpserver jdk.internal.ed jdk.internal.le jdk.internal.vm.ci jdk.jartool jdk.javadoc jdk.jcmd jdk.jdeps jdk.jdwp.agent jdk.jdi jdk.jfr jdk.jlink jdk.jsobject jdk.localedata jdk.management jdk.management.agent jdk.management.jfr jdk.naming.dns jdk.naming.rmi jdk.net jdk.sctp jdk.security.auth jdk.security.jgss jdk.unsupported jdk.unsupported.desktop jdk.xml.dom" 
IMPLEMENTOR="JetBrains s.r.o." 
JAVA_RUNTIME_VERSION="21.0.9+-14649483-b1163.86" 
LIBC="default" 
OS_ARCH="x86_64" 
OS_NAME="Windows" 
SOURCE=".:git:554d0c326095" 

Environment Variables:
JAVA_HOME=C:\Program Files\Java\jdk1.8.0_301
PATH=C:\Program Files\Common Files\Oracle\Java\javapath;C:\Program Files (x86)\Common Files\Oracle\Java\java8path;C:\Program Files\Common files\EFI;C:\Program Files\Fiery\Components\Common files;C:\WINDOWS\system32;C:\WINDOWS;C:\WINDOWS\System32\Wbem;C:\WINDOWS\System32\WindowsPowerShell\v1.0\;C:\WINDOWS\System32\OpenSSH\;C:\Program Files\Microsoft SQL Server\150\Tools\Binn\;C:\Program Files\Microsoft SQL Server\Client SDK\ODBC\170\Tools\Binn\;C:\Program Files\dotnet\;C:\Program Files (x86)\Microsoft SQL Server\150\Tools\Binn\;C:\Program Files\Microsoft SQL Server\150\DTS\Binn\;C:\Program Files\Git\cmd;C:\Program Files\Docker\Docker\resources\bin;C:\Program Files (x86)\Windows Kits\10\Windows Performance Toolkit\;C:\Program Files\nodejs\;C:\Program Files\Google\Google Apps Sync\;C:\Users\gastona\AppData\Local\Programs\Python\Python313\Scripts\;C:\Users\gastona\AppData\Local\Programs\Python\Python313\;C:\Users\gastona\AppData\Local\Programs\Python\Launcher\;C:\Users\gastona\AppData\Local\Microsoft\WindowsApps;C:\Users\gastona\.dotnet\tools;C:\Program Files\Azure Data Studio\bin;C:\Program Files\Azure Data Studio\bin;C:\Users\gastona\AppData\Local\GitHubDesktop\bin;C:\Program Files\apache-maven-3.9.6-bin\apache-maven-3.9.6\Bin;C:\Program Files\Java\jdk1.8.0_301\Bin;D:\Programas\Microsoft VS Code\bin;D:\Programas\Mongo\;C:\php;C:\Users\gastona\AppData\Roaming\npm
USERNAME=gastona
OS=Windows_NT
PROCESSOR_IDENTIFIER=Intel64 Family 6 Model 94 Stepping 3, GenuineIntel
TMP=C:\Users\gastona\AppData\Local\Temp
TEMP=C:\Users\gastona\AppData\Local\Temp




Periodic native trim disabled

JNI global refs:
JNI global refs: 24, weak refs: 2

JNI global refs memory usage: 835, weak refs: 833

Process memory usage:
Resident Set Size: 260264K (1% of 16687540K total physical memory with 2930968K free physical memory)

OOME stack traces (most recent first):
Classloader memory used:
Loader org.gradle.internal.classloader.VisitableURLClassLoader                         : 27695K
Loader bootstrap                                                                       : 20765K
Loader org.gradle.initialization.MixInLegacyTypesClassLoader                           : 4660K
Loader jdk.internal.loader.ClassLoaders$PlatformClassLoader                            : 385K
Loader jdk.internal.loader.ClassLoaders$AppClassLoader                                 : 231K
Loader org.gradle.groovy.scripts.internal.DefaultScriptCompilationHandler$ScriptClassLoader: 11304B

Classes loaded by more than one classloader:
Class org.gradle.internal.classloader.FilteringClassLoader                            : loaded 2 times (x 105B)
Class org.gradle.internal.classloader.ClassLoaderHierarchy                            : loaded 2 times (x 70B)
Class org.gradle.api.internal.classpath.ManifestUtil                                  : loaded 2 times (x 71B)
Class org.gradle.internal.classloader.DefaultClassLoaderFactory                       : loaded 2 times (x 82B)
Class org.gradle.internal.classloader.ClassLoaderVisitor                              : loaded 2 times (x 76B)
Class org.gradle.api.internal.classpath.EffectiveClassPath                            : loaded 2 times (x 90B)
Class org.gradle.api.internal.DefaultClassPathProvider                                : loaded 2 times (x 76B)
Class [Lorg.gradle.api.internal.ClassPathProvider;                                    : loaded 2 times (x 69B)
Class org.gradle.api.internal.ClassPathProvider                                       : loaded 2 times (x 70B)
Class org.gradle.internal.service.UnknownServiceException                             : loaded 2 times (x 83B)
Class org.gradle.internal.classpath.TransformedClassPath                              : loaded 2 times (x 96B)
Class org.gradle.internal.classloader.InstrumentingClassLoader                        : loaded 2 times (x 70B)
Class org.gradle.internal.service.ServiceLocator                                      : loaded 2 times (x 70B)
Class org.gradle.internal.classloader.ClasspathUtil$1                                 : loaded 2 times (x 76B)
Class org.gradle.api.internal.classpath.DefaultModuleRegistry$DefaultModule           : loaded 2 times (x 86B)
Class org.gradle.api.internal.classpath.Module                                        : loaded 2 times (x 70B)
Class org.gradle.api.internal.classpath.UnknownModuleException                        : loaded 2 times (x 82B)
Class org.gradle.api.internal.DefaultClassPathRegistry                                : loaded 2 times (x 76B)
Class org.gradle.api.internal.ClassPathRegistry                                       : loaded 2 times (x 70B)
Class org.gradle.internal.classpath.DefaultClassPath$ImmutableUniqueList              : loaded 2 times (x 199B)
Class org.gradle.internal.classpath.ClassPath                                         : loaded 2 times (x 70B)
Class org.gradle.api.internal.classpath.ModuleRegistry                                : loaded 2 times (x 70B)
Class org.gradle.internal.installation.GradleInstallation$1                           : loaded 2 times (x 75B)
Class org.gradle.api.internal.classpath.DefaultModuleRegistry                         : loaded 2 times (x 86B)
Class org.gradle.internal.service.ServiceLookupException                              : loaded 2 times (x 82B)
Class org.gradle.internal.classloader.ClassLoaderFactory                              : loaded 2 times (x 70B)
Class org.gradle.internal.service.CachingServiceLocator                               : loaded 2 times (x 82B)
Class org.gradle.internal.classloader.ClasspathUtil                                   : loaded 2 times (x 71B)
Class org.gradle.api.specs.Spec                                                       : loaded 2 times (x 70B)
Class org.gradle.internal.classloader.VisitableURLClassLoader$InstrumentingVisitableURLClassLoader: loaded 2 times (x 123B)
Class org.gradle.internal.classloader.VisitableURLClassLoader$Spec                    : loaded 2 times (x 74B)
Class org.gradle.internal.classpath.DefaultClassPath                                  : loaded 2 times (x 90B)
Class org.gradle.internal.classloader.ClassLoaderSpec                                 : loaded 2 times (x 71B)
Class org.gradle.internal.classloader.VisitableURLClassLoader                         : loaded 2 times (x 117B)
Class org.gradle.internal.Cast                                                        : loaded 2 times (x 71B)
Class org.gradle.api.Action                                                           : loaded 2 times (x 70B)
Class org.gradle.internal.classpath.DefaultClassPath$ImmutableUniqueList$Builder      : loaded 2 times (x 75B)
Class org.gradle.api.GradleException                                                  : loaded 2 times (x 82B)
Class org.gradle.internal.IoActions                                                   : loaded 2 times (x 71B)
Class org.gradle.internal.classloader.SystemClassLoaderSpec                           : loaded 2 times (x 71B)
Class org.gradle.api.internal.classpath.GlobalCacheRootsProvider                      : loaded 2 times (x 70B)
Class org.gradle.internal.installation.CurrentGradleInstallationLocator               : loaded 2 times (x 71B)
Class org.gradle.internal.service.DefaultServiceLocator                               : loaded 2 times (x 83B)
Class org.gradle.internal.installation.CurrentGradleInstallation                      : loaded 2 times (x 73B)
Class org.gradle.util.internal.GUtil                                                  : loaded 2 times (x 71B)
Class org.gradle.internal.installation.GradleInstallation                             : loaded 2 times (x 75B)

---------------  S Y S T E M  ---------------

OS:
 Windows 10 , 64 bit Build 19041 (10.0.19041.5915)
OS uptime: 2 days 2:00 hours
Hyper-V role detected

CPU: total 4 (initial active 4) (4 cores per cpu, 1 threads per core) family 6 model 94 stepping 3 microcode 0xcc, cx8, cmov, fxsr, mmx, 3dnowpref, sse, sse2, sse3, ssse3, sse4.1, sse4.2, popcnt, lzcnt, tsc, tscinvbit, avx, avx2, aes, erms, clmul, bmi1, bmi2, adx, fma, vzeroupper, clflush, clflushopt, hv, rdtscp, f16c
Processor Information for the first 4 processors :
  Max Mhz: 2701, Current Mhz: 2701, Mhz Limit: 2701

Memory: 4k page, system-wide physical 16296M (2861M free)
TotalPageFile size 24296M (AvailPageFile size 5M)
current process WorkingSet (physical memory assigned to process): 254M, peak: 275M
current process commit charge ("private bytes"): 288M, peak: 383M

vm_info: OpenJDK 64-Bit Server VM (21.0.9+-14649483-b1163.86) for windows-amd64 JRE (21.0.9+-14649483-b1163.86), built on 2025-12-30T22:08:35Z by "builder" with MS VC++ 16.10 / 16.11 (VS2019)

END.
